// Jest Snapshot v1, https://goo.gl/fbAQLP

exports[`Form  Should render correctly 1`] = `
<form
  className="sc-gtsqUy jMGskL"
  onSubmit={[MockFunction]}
>
  <div
    className="sc-hKFymg ivIEWo"
    direction="horizontal"
  >
    <label
      className="sc-eCAqax dnXnhF"
    >
      Name
    </label>
    <div>
      <input
        className="sc-iCoHzw csWeiH"
        id="name"
        type="text"
      />
      <p
        className="sc-jSFipO iOcxfq"
      >
        This is error message
      </p>
    </div>
  </div>
  <div
    className="sc-hKFymg ivIEWo"
    direction="horizontal"
  >
    <label
      className="sc-eCAqax dnXnhF"
    >
      Price
    </label>
    <div>
      <input
        className="sc-iCoHzw csWeiH"
        id="price"
        type="text"
      />
      <p
        className="sc-jSFipO iOcxfq"
      >
        This is error message
      </p>
    </div>
  </div>
  <div
    className="sc-dlniIP hBqqvG"
  >
    <button
      className="sc-bdnyFh sc-gKAaef bEtbaY fRlVwz"
      disabled={true}
      name="submit"
      type="submit"
      variations="primary"
    >
      Confirm
    </button>
    <button
      className="sc-bdnyFh sc-gKAaef buXbPz fRlVwz"
      onClick={[MockFunction]}
      type="button"
      variations="secondary"
    >
      Close
    </button>
  </div>
</form>
`;
