// Jest Snapshot v1, https://goo.gl/fbAQLP

exports[`Toast Should render correctly 1`] = `
<div
  onMouseEnter={[Function]}
  onMouseLeave={[Function]}
  style={
    {
      "bottom": 16,
      "left": 16,
      "margin": "8px",
      "pointerEvents": "none",
      "position": "fixed",
      "right": 16,
      "top": 16,
      "zIndex": 2000,
    }
  }
/>
`;
