// Jest Snapshot v1, https://goo.gl/fbAQLP

exports[`User Should render correctly 1`] = `
<main
  className="sc-lmgPJu fmDjvX"
>
  <div
    className="sc-cxNGUP cGfCbe"
    type="horizontal"
  >
    <h2
      className="sc-iJCSeZ jfWGKb"
    >
      List User
    </h2>
    <button
      className="sc-iemXqs gdUlEE"
      onClick={[Function]}
      variations="primary"
    >
      Add user
    </button>
  </div>
  <div
    className="sc-cxNGUP hDpxxT"
    type="vertical"
  >
    <div
      className="sc-giAruI kILZpe"
    >
      <div
        className="sc-dItHI exgtuU"
      >
        <button
          className="sc-bqGGcD entqcN"
          disabled={true}
          onClick={[Function]}
        >
          Ascending
        </button>
        <button
          className="sc-bqGGcD graLyf"
          disabled={false}
          onClick={[Function]}
        >
          Descending
        </button>
      </div>
      <select
        aria-label="Sort"
        className="sc-crzpnZ iXFhDe"
        disabled={false}
        onChange={[Function]}
        value=""
      >
        <option
          data-testid="select-option"
          value="id"
        >
          Sort by id
        </option>
        <option
          data-testid="select-option"
          value="name"
        >
          Sort by name
        </option>
        <option
          data-testid="select-option"
          value="phone"
        >
          Sort by phone
        </option>
      </select>
      <input
        className="sc-iqAbyq kOrhXJ"
        onChange={[Function]}
        placeholder="Search by phone..."
      />
    </div>
    <div
      className="sc-ezyZrH dFKszz"
    />
  </div>
</main>
`;
